
SPHINX COMPLIANCE + BLEU METRICS TEST SUITE

Gate-based validation with objective quality scoring + BLEU reference

============================================================
TEST 1: GOOD SPHINX DOCUMENTATION (WITH BLEU)
============================================================

Compliance Gate: Γ£à PASS
  - Sphinx Format: Γ£à
  - Forbidden Language: Γ£à
  - Epistemic Discipline: Γ£à

Quality Scores:
  - Evidence Coverage: 100.00% (weight: 50%)
  - Consistency: 100.00% (weight: 20%)
  - Non-Tautology: 100.00% (weight: 20%)
  - Brevity Efficiency: 97.66% (weight: 10%)
  - BLEU Score: 47.16% (bonus: 15%)
  
  Overall Quality: 91.87%

Details:
  - sphinx_violations: []
  - language_violations: []
  - epistemic_violations: []
  - evidence: {'missing': [], 'incorrect': [], 'correct': ['param:delta_time', 'param:force_update', 'return'], 'total_observable': 3, 'correctly_documented': 3}
  - consistency: {'inconsistencies': []}
  - tautology: {'tautologies': [], 'total_sentences': 1}
  - brevity: {'tokens_used': 50, 'max_tokens': 512, 'utilization': 0.09765625}
  - bleu: {'brevity_penalty': 1.0, 'precisions': [0.6756756756756757, 0.5277777777777778, 0.42857142857142855, 0.3235294117647059], 'geometric_mean': 0.471554172375178, 'ref_length': 31, 'cand_length': 37}


Γ£à RESULT: ACCEPTED

============================================================
TEST 2: BAD DOCUMENTATION (Quality Judgments)
============================================================

Compliance Gate: Γ¥î FAIL
  - Sphinx Format: Γ£à
  - Forbidden Language: Γ¥î
  - Epistemic Discipline: Γ£à

Details:
  - sphinx_violations: []
  - language_violations: ["Forbidden pattern: 'well-designed'", "Forbidden pattern: 'this function is used to'", "Forbidden pattern: 'example:'", "Forbidden pattern: '>>> '"]
  - epistemic_violations: []


Γ¥î RESULT: REJECTED

============================================================
TEST 3: TAUTOLOGICAL DOCUMENTATION
============================================================

Compliance Gate: Γ£à PASS
  - Sphinx Format: Γ£à
  - Forbidden Language: Γ£à
  - Epistemic Discipline: Γ£à

Quality Scores:
  - Evidence Coverage: 100.00% (weight: 50%)
  - Consistency: 100.00% (weight: 20%)
  - Non-Tautology: 50.00% (weight: 20%)
  - Brevity Efficiency: 62.50% (weight: 10%)
  
  Overall Quality: 86.25%

Details:
  - sphinx_violations: []
  - language_violations: []
  - epistemic_violations: []
  - evidence: {'missing': [], 'incorrect': [], 'correct': ['param:cube', 'return'], 'total_observable': 2, 'correctly_documented': 2}
  - consistency: {'inconsistencies': []}
  - tautology: {'tautologies': ['"""\nDraw the cube'], 'total_sentences': 2}
  - brevity: {'tokens_used': 32, 'max_tokens': 512, 'utilization': 0.0625}


ΓÜá∩╕Å RESULT: ACCEPTED

============================================================
TEST 4: INCOMPLETE DOCUMENTATION (Missing Params)
============================================================

Compliance Gate: Γ£à PASS
  - Sphinx Format: Γ£à
  - Forbidden Language: Γ£à
  - Epistemic Discipline: Γ£à

Quality Scores:
  - Evidence Coverage: 50.00% (weight: 50%)
  - Consistency: 100.00% (weight: 20%)
  - Non-Tautology: 100.00% (weight: 20%)
  - Brevity Efficiency: 50.78% (weight: 10%)
  
  Overall Quality: 70.08%

Details:
  - sphinx_violations: []
  - language_violations: []
  - epistemic_violations: []
  - evidence: {'missing': ['param:password', 'param:remember_me'], 'incorrect': [], 'correct': ['param:username', 'return'], 'total_observable': 4, 'correctly_documented': 2}
  - consistency: {'inconsistencies': []}
  - tautology: {'tautologies': [], 'total_sentences': 1}
  - brevity: {'tokens_used': 26, 'max_tokens': 512, 'utilization': 0.05078125}


ΓÜá∩╕Å RESULT: ACCEPTED

============================================================
TEST 5: SPECULATIVE DOCUMENTATION (Epistemic Violation)
============================================================

Compliance Gate: Γ¥î FAIL
  - Sphinx Format: Γ£à
  - Forbidden Language: Γ£à
  - Epistemic Discipline: Γ¥î

Details:
  - sphinx_violations: []
  - language_violations: []
  - epistemic_violations: ["Speculation detected: 'probably'", "Speculation detected: 'likely'", "Speculation detected: 'might'"]


Γ¥î RESULT: REJECTED

============================================================
TEST 6: MARKDOWN FORMATTING (Format Violation)
============================================================

Compliance Gate: Γ¥î FAIL
  - Sphinx Format: Γ¥î
  - Forbidden Language: Γ£à
  - Epistemic Discipline: Γ£à

Details:
  - sphinx_violations: ['Contains Markdown headers (## or ###)', 'Contains Markdown bullet lists (use proper reST)', 'Missing Sphinx field markers (:param:, :type:, :return:)', 'Prose outside docstring: **Description:** Updates the game state']
  - language_violations: []
  - epistemic_violations: []


Γ¥î RESULT: REJECTED

============================================================
TEST 7: BATCH EVALUATION
============================================================
Total: 3
Passed: 2
Failed: 1
Pass Rate: 66.7%

Average Quality (for passed): 95.08%
  - Evidence Coverage: 100.00%
  - Consistency: 100.00%
  - Non-Tautology: 100.00%
  - Brevity: 50.78%

============================================================
TEST 8: BLEU OPTIMIZATION ASSESSMENT
============================================================

EXACT MATCH:
  BLEU: 100.00%
  Evidence Coverage: 100.00%
  Non-Tautology: 100.00%
  Overall Quality: 98.97%
  Status: Γ£à PASS
  BLEU Details:
    - Brevity Penalty: 1.000
    - 1-gram: 1.000
    - 2-gram: 1.000
    - 3-gram: 1.000
    - 4-gram: 1.000

GOOD PARAPHRASE:
  BLEU: 47.53%
  Evidence Coverage: 100.00%
  Non-Tautology: 100.00%
  Overall Quality: 91.10%
  Status: Γ£à PASS
  BLEU Details:
    - Brevity Penalty: 1.000
    - 1-gram: 0.879
    - 2-gram: 0.562
    - 3-gram: 0.387
    - 4-gram: 0.267

POOR MATCH:
  BLEU: 32.34%
  Evidence Coverage: 100.00%
  Non-Tautology: 100.00%
  Overall Quality: 87.66%
  Status: Γ£à PASS
  BLEU Details:
    - Brevity Penalty: 0.764
    - 1-gram: 0.769
    - 2-gram: 0.480
    - 3-gram: 0.333
    - 4-gram: 0.261

BLEU correctly ranks: EXACT MATCH (100.00%) > GOOD PARAPHRASE (47.53%) > POOR MATCH (32.34%)

============================================================
Γ£à ALL TESTS PASSED
============================================================

Metrics System Ready for Production Use
BLEU integration successful - reference-based optimization enabled

